// Jest Snapshot v1, https://goo.gl/fbAQLP

exports[`should  1`] = `
<div
  id="page-prog-container"
>
  <div
    id="line-container"
  >
    <div
      id="line"
    >
      <div
        id="line-fill"
        style={
          Object {
            "width": "0%",
          }
        }
      />
    </div>
  </div>
  <div
    id="circles"
  >
    <div
      className="
              page-prog-circle 
              
              activePage
            "
    />
    <div
      className="
              page-prog-circle 
              
              
            "
    />
    <div
      className="
              page-prog-circle 
              
              
            "
    />
    <div
      className="
              page-prog-circle 
              
              
            "
    />
    <div
      className="
              page-prog-circle 
              
              
            "
    />
    <div
      className="
              page-prog-circle 
              
              
            "
    />
    <div
      className="
              page-prog-circle 
              
              
            "
    />
    <div
      className="
              page-prog-circle 
              
              
            "
    />
    <div
      className="
              page-prog-circle 
              
              
            "
    />
    <div
      className="
              page-prog-circle 
              
              
            "
    />
  </div>
</div>
`;
